
-- Running command `read_verilog -sv rtl/response_pipeline.sv; hierarchy -check -top response_pipeline; synth -top response_pipeline; check -assert' --

1. Executing Verilog-2005 frontend: rtl/response_pipeline.sv
Parsing SystemVerilog input from `rtl/response_pipeline.sv' to AST representation.
Generating RTLIL representation for module `\response_pipeline'.
Warning: Replacing memory \data_pipe with list of registers. See rtl/response_pipeline.sv:32
Successfully finished Verilog frontend.

2. Executing HIERARCHY pass (managing design hierarchy).

2.1. Analyzing design hierarchy..
Top module:  \response_pipeline

2.2. Analyzing design hierarchy..
Top module:  \response_pipeline
Removed 0 unused modules.

3. Executing SYNTH pass.

3.1. Executing HIERARCHY pass (managing design hierarchy).

3.1.1. Analyzing design hierarchy..
Top module:  \response_pipeline

3.1.2. Analyzing design hierarchy..
Top module:  \response_pipeline
Removed 0 unused modules.

3.2. Executing PROC pass (convert processes to netlists).

3.2.1. Executing PROC_CLEAN pass (remove empty switches from decision trees).
Found and cleaned up 1 empty switch in `\response_pipeline.$proc$rtl/response_pipeline.sv:43$7'.
Removing empty process `response_pipeline.$proc$rtl/response_pipeline.sv:43$7'.
Found and cleaned up 1 empty switch in `\response_pipeline.$proc$rtl/response_pipeline.sv:26$4'.
Cleaned up 2 empty switches.

3.2.2. Executing PROC_RMDEAD pass (remove dead branches from decision trees).
Marked 1 switch rules as full_case in process $proc$rtl/response_pipeline.sv:26$4 in module response_pipeline.
Removed a total of 0 dead cases.

3.2.3. Executing PROC_PRUNE pass (remove redundant assignments in processes).
Removed 4 redundant assignments.
Promoted 1 assignment to connection.

3.2.4. Executing PROC_INIT pass (extract init attributes).

3.2.5. Executing PROC_ARST pass (detect async resets in processes).

3.2.6. Executing PROC_ROM pass (convert switches to ROMs).
Converted 0 switches.
<suppressed ~1 debug messages>

3.2.7. Executing PROC_MUX pass (convert decision trees to multiplexers).
Creating decoders for process `\response_pipeline.$proc$rtl/response_pipeline.sv:26$4'.
     1/7: $0\valid_pipe[2:0] [2]
     2/7: $0\valid_pipe[2:0] [1]
     3/7: $0\valid_pipe[2:0] [0]
     4/7: $1\i[31:0]
     5/7: $0\data_pipe[2][7:0]
     6/7: $0\data_pipe[1][7:0]
     7/7: $0\data_pipe[0][7:0]

3.2.8. Executing PROC_DLATCH pass (convert process syncs to latches).

3.2.9. Executing PROC_DFF pass (convert process syncs to FFs).
Creating register for signal `\response_pipeline.\i' using process `\response_pipeline.$proc$rtl/response_pipeline.sv:26$4'.
  created $dff cell `$procdff$28' with positive edge clock.
Creating register for signal `\response_pipeline.\valid_pipe' using process `\response_pipeline.$proc$rtl/response_pipeline.sv:26$4'.
  created $dff cell `$procdff$29' with positive edge clock.
Creating register for signal `\response_pipeline.\data_pipe[0]' using process `\response_pipeline.$proc$rtl/response_pipeline.sv:26$4'.
  created $dff cell `$procdff$30' with positive edge clock.
Creating register for signal `\response_pipeline.\data_pipe[1]' using process `\response_pipeline.$proc$rtl/response_pipeline.sv:26$4'.
  created $dff cell `$procdff$31' with positive edge clock.
Creating register for signal `\response_pipeline.\data_pipe[2]' using process `\response_pipeline.$proc$rtl/response_pipeline.sv:26$4'.
  created $dff cell `$procdff$32' with positive edge clock.

3.2.10. Executing PROC_MEMWR pass (convert process memory writes to cells).

3.2.11. Executing PROC_CLEAN pass (remove empty switches from decision trees).
Found and cleaned up 1 empty switch in `\response_pipeline.$proc$rtl/response_pipeline.sv:26$4'.
Removing empty process `response_pipeline.$proc$rtl/response_pipeline.sv:26$4'.
Cleaned up 1 empty switch.

3.2.12. Executing OPT_EXPR pass (perform const folding).
Optimizing module response_pipeline.

3.3. Executing OPT_EXPR pass (perform const folding).
Optimizing module response_pipeline.

3.4. Executing OPT_CLEAN pass (remove unused cells and wires).
Finding unused cells or wires in module \response_pipeline..
Removed 1 unused cells and 16 unused wires.
<suppressed ~3 debug messages>

3.5. Executing CHECK pass (checking for obvious problems).
Checking module response_pipeline...
Found and reported 0 problems.

3.6. Executing OPT pass (performing simple optimizations).

3.6.1. Executing OPT_EXPR pass (perform const folding).
Optimizing module response_pipeline.

3.6.2. Executing OPT_MERGE pass (detect identical cells).
Finding identical cells in module `\response_pipeline'.
Computing hashes of 13 cells of `\response_pipeline'.
Finding duplicate cells in `\response_pipeline'.
Removed a total of 0 cells.

3.6.3. Executing OPT_MUXTREE pass (detect dead branches in mux trees).
Running muxtree optimizer on module \response_pipeline..
  Creating internal representation of mux trees.
  Evaluating internal representation of mux trees.
  Analyzing evaluation results.
Removed 0 multiplexer ports.
<suppressed ~12 debug messages>

3.6.4. Executing OPT_REDUCE pass (consolidate $*mux and $reduce_* inputs).
  Optimizing cells in module \response_pipeline.
Performed a total of 0 changes.

3.6.5. Executing OPT_MERGE pass (detect identical cells).
Finding identical cells in module `\response_pipeline'.
Computing hashes of 13 cells of `\response_pipeline'.
Finding duplicate cells in `\response_pipeline'.
Removed a total of 0 cells.

3.6.6. Executing OPT_DFF pass (perform DFF optimizations).

3.6.7. Executing OPT_CLEAN pass (remove unused cells and wires).
Finding unused cells or wires in module \response_pipeline..

3.6.8. Executing OPT_EXPR pass (perform const folding).
Optimizing module response_pipeline.

3.6.9. Finished fast OPT passes. (There is nothing left to do.)

3.7. Executing FSM pass (extract and optimize FSM).

3.7.1. Executing FSM_DETECT pass (finding FSMs in design).

3.7.2. Executing FSM_EXTRACT pass (extracting FSM from design).

3.7.3. Executing FSM_OPT pass (simple optimizations of FSMs).

3.7.4. Executing OPT_CLEAN pass (remove unused cells and wires).
Finding unused cells or wires in module \response_pipeline..

3.7.5. Executing FSM_OPT pass (simple optimizations of FSMs).

3.7.6. Executing FSM_RECODE pass (re-assigning FSM state encoding).

3.7.7. Executing FSM_INFO pass (dumping all available information on FSM cells).

3.7.8. Executing FSM_MAP pass (mapping FSMs to basic logic).

3.8. Executing OPT pass (performing simple optimizations).

3.8.1. Executing OPT_EXPR pass (perform const folding).
Optimizing module response_pipeline.

3.8.2. Executing OPT_MERGE pass (detect identical cells).
Finding identical cells in module `\response_pipeline'.
Computing hashes of 13 cells of `\response_pipeline'.
Finding duplicate cells in `\response_pipeline'.
Removed a total of 0 cells.

3.8.3. Executing OPT_MUXTREE pass (detect dead branches in mux trees).
Running muxtree optimizer on module \response_pipeline..
  Creating internal representation of mux trees.
  Evaluating internal representation of mux trees.
  Analyzing evaluation results.
Removed 0 multiplexer ports.
<suppressed ~12 debug messages>

3.8.4. Executing OPT_REDUCE pass (consolidate $*mux and $reduce_* inputs).
  Optimizing cells in module \response_pipeline.
Performed a total of 0 changes.

3.8.5. Executing OPT_MERGE pass (detect identical cells).
Finding identical cells in module `\response_pipeline'.
Computing hashes of 13 cells of `\response_pipeline'.
Finding duplicate cells in `\response_pipeline'.
Removed a total of 0 cells.

3.8.6. Executing OPT_DFF pass (perform DFF optimizations).
Adding SRST signal on $procdff$32 ($dff) from module response_pipeline (D = \data_pipe[1], Q = \data_pipe[2], rval = 8'00000000).
Adding SRST signal on $procdff$29 ($dff) from module response_pipeline (D = { \valid_pipe [1:0] $logic_and$rtl/response_pipeline.sv:34$5_Y }, Q = \valid_pipe, rval = 3'000).
Adding SRST signal on $procdff$30 ($dff) from module response_pipeline (D = $add$rtl/response_pipeline.sv:35$6_Y [7:0], Q = \data_pipe[0], rval = 8'00000000).
Adding SRST signal on $procdff$31 ($dff) from module response_pipeline (D = \data_pipe[0], Q = \data_pipe[1], rval = 8'00000000).

3.8.7. Executing OPT_CLEAN pass (remove unused cells and wires).
Finding unused cells or wires in module \response_pipeline..
Removed 6 unused cells and 4 unused wires.
<suppressed ~7 debug messages>

3.8.8. Executing OPT_EXPR pass (perform const folding).
Optimizing module response_pipeline.

3.8.9. Rerunning OPT passes. (Maybe there is more to do..)

3.8.10. Executing OPT_MUXTREE pass (detect dead branches in mux trees).
Running muxtree optimizer on module \response_pipeline..
  Creating internal representation of mux trees.
  No muxes found in this module.
Removed 0 multiplexer ports.

3.8.11. Executing OPT_REDUCE pass (consolidate $*mux and $reduce_* inputs).
  Optimizing cells in module \response_pipeline.
Performed a total of 0 changes.

3.8.12. Executing OPT_MERGE pass (detect identical cells).
Finding identical cells in module `\response_pipeline'.
Computing hashes of 7 cells of `\response_pipeline'.
Finding duplicate cells in `\response_pipeline'.
Removed a total of 0 cells.

3.8.13. Executing OPT_DFF pass (perform DFF optimizations).

3.8.14. Executing OPT_CLEAN pass (remove unused cells and wires).
Finding unused cells or wires in module \response_pipeline..

3.8.15. Executing OPT_EXPR pass (perform const folding).
Optimizing module response_pipeline.

3.8.16. Finished fast OPT passes. (There is nothing left to do.)

3.9. Executing WREDUCE pass (reducing word size of cells).
Removed top 31 bits (of 32) from port B of cell response_pipeline.$add$rtl/response_pipeline.sv:35$6 ($add).
Removed top 24 bits (of 32) from port Y of cell response_pipeline.$add$rtl/response_pipeline.sv:35$6 ($add).
Removed top 24 bits (of 32) from wire response_pipeline.$add$rtl/response_pipeline.sv:35$6_Y.

3.10. Executing PEEPOPT pass (run peephole optimizers).

3.11. Executing OPT_CLEAN pass (remove unused cells and wires).
Finding unused cells or wires in module \response_pipeline..
Removed 0 unused cells and 1 unused wires.
<suppressed ~1 debug messages>

3.12. Executing ALUMACC pass (create $alu and $macc cells).
Extracting $alu and $macc cells in module response_pipeline:
  creating $macc model for $add$rtl/response_pipeline.sv:35$6 ($add).
  creating $alu model for $macc $add$rtl/response_pipeline.sv:35$6.
  creating $alu cell for $add$rtl/response_pipeline.sv:35$6: $auto$alumacc.cc:512:replace_alu$38
  created 1 $alu and 0 $macc cells.

3.13. Executing SHARE pass (SAT-based resource sharing).

3.14. Executing OPT pass (performing simple optimizations).

3.14.1. Executing OPT_EXPR pass (perform const folding).
Optimizing module response_pipeline.

3.14.2. Executing OPT_MERGE pass (detect identical cells).
Finding identical cells in module `\response_pipeline'.
Computing hashes of 7 cells of `\response_pipeline'.
Finding duplicate cells in `\response_pipeline'.
Removed a total of 0 cells.

3.14.3. Executing OPT_MUXTREE pass (detect dead branches in mux trees).
Running muxtree optimizer on module \response_pipeline..
  Creating internal representation of mux trees.
  No muxes found in this module.
Removed 0 multiplexer ports.

3.14.4. Executing OPT_REDUCE pass (consolidate $*mux and $reduce_* inputs).
  Optimizing cells in module \response_pipeline.
Performed a total of 0 changes.

3.14.5. Executing OPT_MERGE pass (detect identical cells).
Finding identical cells in module `\response_pipeline'.
Computing hashes of 7 cells of `\response_pipeline'.
Finding duplicate cells in `\response_pipeline'.
Removed a total of 0 cells.

3.14.6. Executing OPT_DFF pass (perform DFF optimizations).

3.14.7. Executing OPT_CLEAN pass (remove unused cells and wires).
Finding unused cells or wires in module \response_pipeline..

3.14.8. Executing OPT_EXPR pass (perform const folding).
Optimizing module response_pipeline.

3.14.9. Finished fast OPT passes. (There is nothing left to do.)

3.15. Executing MEMORY pass.

3.15.1. Executing OPT_MEM pass (optimize memories).
Performed a total of 0 transformations.

3.15.2. Executing OPT_MEM_PRIORITY pass (removing unnecessary memory write priority relations).
Performed a total of 0 transformations.

3.15.3. Executing OPT_MEM_FEEDBACK pass (finding memory read-to-write feedback paths).

3.15.4. Executing MEMORY_BMUX2ROM pass (converting muxes to ROMs).

3.15.5. Executing MEMORY_DFF pass (merging $dff cells to $memrd).

3.15.6. Executing OPT_CLEAN pass (remove unused cells and wires).
Finding unused cells or wires in module \response_pipeline..

3.15.7. Executing MEMORY_SHARE pass (consolidating $memrd/$memwr cells).

3.15.8. Executing OPT_MEM_WIDEN pass (optimize memories where all ports are wide).
Performed a total of 0 transformations.

3.15.9. Executing OPT_CLEAN pass (remove unused cells and wires).
Finding unused cells or wires in module \response_pipeline..

3.15.10. Executing MEMORY_COLLECT pass (generating $mem cells).

3.16. Executing OPT_CLEAN pass (remove unused cells and wires).
Finding unused cells or wires in module \response_pipeline..

3.17. Executing OPT pass (performing simple optimizations).

3.17.1. Executing OPT_EXPR pass (perform const folding).
Optimizing module response_pipeline.

3.17.2. Executing OPT_MERGE pass (detect identical cells).
Finding identical cells in module `\response_pipeline'.
Computing hashes of 7 cells of `\response_pipeline'.
Finding duplicate cells in `\response_pipeline'.
Removed a total of 0 cells.

3.17.3. Executing OPT_DFF pass (perform DFF optimizations).

3.17.4. Executing OPT_CLEAN pass (remove unused cells and wires).
Finding unused cells or wires in module \response_pipeline..

3.17.5. Finished fast OPT passes.

3.18. Executing MEMORY_MAP pass (converting memories to logic and flip-flops).

3.19. Executing OPT pass (performing simple optimizations).

3.19.1. Executing OPT_EXPR pass (perform const folding).
Optimizing module response_pipeline.

3.19.2. Executing OPT_MERGE pass (detect identical cells).
Finding identical cells in module `\response_pipeline'.
Computing hashes of 7 cells of `\response_pipeline'.
Finding duplicate cells in `\response_pipeline'.
Removed a total of 0 cells.

3.19.3. Executing OPT_MUXTREE pass (detect dead branches in mux trees).
Running muxtree optimizer on module \response_pipeline..
  Creating internal representation of mux trees.
  No muxes found in this module.
Removed 0 multiplexer ports.

3.19.4. Executing OPT_REDUCE pass (consolidate $*mux and $reduce_* inputs).
  Optimizing cells in module \response_pipeline.
Performed a total of 0 changes.

3.19.5. Executing OPT_MERGE pass (detect identical cells).
Finding identical cells in module `\response_pipeline'.
Computing hashes of 7 cells of `\response_pipeline'.
Finding duplicate cells in `\response_pipeline'.
Removed a total of 0 cells.

3.19.6. Executing OPT_SHARE pass.

3.19.7. Executing OPT_DFF pass (perform DFF optimizations).

3.19.8. Executing OPT_CLEAN pass (remove unused cells and wires).
Finding unused cells or wires in module \response_pipeline..

3.19.9. Executing OPT_EXPR pass (perform const folding).
Optimizing module response_pipeline.

3.19.10. Finished fast OPT passes. (There is nothing left to do.)

3.20. Executing TECHMAP pass (map to technology primitives).

3.20.1. Executing Verilog-2005 frontend: /opt/homebrew/bin/../share/yosys/techmap.v
Parsing Verilog input from `/opt/homebrew/bin/../share/yosys/techmap.v' to AST representation.
Generating RTLIL representation for module `\_90_simplemap_bool_ops'.
Generating RTLIL representation for module `\_90_simplemap_reduce_ops'.
Generating RTLIL representation for module `\_90_simplemap_logic_ops'.
Generating RTLIL representation for module `\_90_simplemap_compare_ops'.
Generating RTLIL representation for module `\_90_simplemap_various'.
Generating RTLIL representation for module `\_90_simplemap_registers'.
Generating RTLIL representation for module `\_90_shift_ops_shr_shl_sshl_sshr'.
Generating RTLIL representation for module `\_90_shift_shiftx'.
Generating RTLIL representation for module `\_90_fa'.
Generating RTLIL representation for module `\_90_lcu_brent_kung'.
Generating RTLIL representation for module `\_90_alu'.
Generating RTLIL representation for module `\_90_macc'.
Generating RTLIL representation for module `\_90_alumacc'.
Generating RTLIL representation for module `$__div_mod_u'.
Generating RTLIL representation for module `$__div_mod_trunc'.
Generating RTLIL representation for module `\_90_div'.
Generating RTLIL representation for module `\_90_mod'.
Generating RTLIL representation for module `$__div_mod_floor'.
Generating RTLIL representation for module `\_90_divfloor'.
Generating RTLIL representation for module `\_90_modfloor'.
Generating RTLIL representation for module `\_90_pow'.
Generating RTLIL representation for module `\_90_demux'.
Generating RTLIL representation for module `\_90_lut'.
Generating RTLIL representation for module `$connect'.
Generating RTLIL representation for module `$input_port'.
Successfully finished Verilog frontend.

3.20.2. Continuing TECHMAP pass.
Using template $paramod$c3cd1564c35d873179656addd6052d7ea8b6d991\_90_alu for cells of type $alu.
Using extmapper simplemap for cells of type $sdff.
Using extmapper simplemap for cells of type $not.
Using extmapper simplemap for cells of type $logic_and.
Using extmapper simplemap for cells of type $xor.
Using template $paramod\_90_fa\WIDTH=32'00000000000000000000000000001000 for cells of type $fa.
Using template $paramod\_90_lcu_brent_kung\WIDTH=32'00000000000000000000000000001000 for cells of type $lcu.
Using extmapper simplemap for cells of type $pos.
Using extmapper simplemap for cells of type $mux.
Using extmapper simplemap for cells of type $or.
Using extmapper simplemap for cells of type $and.
No more expansions possible.
<suppressed ~269 debug messages>

3.21. Executing OPT pass (performing simple optimizations).

3.21.1. Executing OPT_EXPR pass (perform const folding).
Optimizing module response_pipeline.
<suppressed ~67 debug messages>

3.21.2. Executing OPT_MERGE pass (detect identical cells).
Finding identical cells in module `\response_pipeline'.
Computing hashes of 56 cells of `\response_pipeline'.
Finding duplicate cells in `\response_pipeline'.
Computing hashes of 55 cells of `\response_pipeline'.
Finding duplicate cells in `\response_pipeline'.
<suppressed ~3 debug messages>
Removed a total of 1 cells.

3.21.3. Executing OPT_DFF pass (perform DFF optimizations).

3.21.4. Executing OPT_CLEAN pass (remove unused cells and wires).
Finding unused cells or wires in module \response_pipeline..
Removed 10 unused cells and 58 unused wires.
<suppressed ~11 debug messages>

3.21.5. Finished fast OPT passes.

3.22. Executing ABC pass (technology mapping using ABC).

3.22.1. Extracting gate netlist of module `\response_pipeline' to `<abc-temp-dir>/input.blif'..

3.22.1.1. Executed ABC.
Extracted 18 gates and 28 wires to a netlist network with 10 inputs and 10 outputs.
Running ABC script: <abc-temp-dir>/abc.script
ABC: ======== ABC command line "source <abc-temp-dir>/abc.script"
ABC: + read_blif <abc-temp-dir>/input.blif 
ABC: + read_library <abc-temp-dir>/stdcells.genlib 
ABC: + strash 
ABC: + &get -n 
ABC: + &fraig -x 
ABC: + &put 
ABC: + scorr 
ABC: Warning: The network is combinational (run "fraig" or "fraig_sweep").
ABC: + dc2 
ABC: + dretime 
ABC: + strash 
ABC: + &get -n 
ABC: + &dch -f 
ABC: + &nf 
ABC: + &put 
ABC: + write_blif <abc-temp-dir>/output.blif 

3.22.1.2. Re-integrating ABC results.
ABC RESULTS:               AND cells:        5
ABC RESULTS:            ANDNOT cells:        1
ABC RESULTS:              NAND cells:        1
ABC RESULTS:               NOT cells:        2
ABC RESULTS:              XNOR cells:        1
ABC RESULTS:               XOR cells:        6
ABC RESULTS:        internal signals:        8
ABC RESULTS:           input signals:       10
ABC RESULTS:          output signals:       10
Removing temp directory.
Removing global temp directory.

3.23. Executing OPT pass (performing simple optimizations).

3.23.1. Executing OPT_EXPR pass (perform const folding).
Optimizing module response_pipeline.

3.23.2. Executing OPT_MERGE pass (detect identical cells).
Finding identical cells in module `\response_pipeline'.
Computing hashes of 43 cells of `\response_pipeline'.
Finding duplicate cells in `\response_pipeline'.
Removed a total of 0 cells.

3.23.3. Executing OPT_DFF pass (perform DFF optimizations).

3.23.4. Executing OPT_CLEAN pass (remove unused cells and wires).
Finding unused cells or wires in module \response_pipeline..
Removed 0 unused cells and 23 unused wires.
<suppressed ~1 debug messages>

3.23.5. Finished fast OPT passes.

3.24. Executing HIERARCHY pass (managing design hierarchy).
Attribute `top' found on module `response_pipeline'. Setting top module to response_pipeline.

3.24.1. Analyzing design hierarchy..
Top module:  \response_pipeline

3.24.2. Analyzing design hierarchy..
Top module:  \response_pipeline
Removed 0 unused modules.

3.25. Printing statistics.

=== response_pipeline ===

        +----------Local Count, excluding submodules.
        | 
       20 wires
       71 wire bits
       11 public wires
       48 public wire bits
        7 ports
       21 port bits
       43 cells
        1   $_ANDNOT_
        5   $_AND_
        1   $_NAND_
        2   $_NOT_
       27   $_SDFF_PP0_
        1   $_XNOR_
        6   $_XOR_

3.26. Executing CHECK pass (checking for obvious problems).
Checking module response_pipeline...
Found and reported 0 problems.

4. Executing CHECK pass (checking for obvious problems).
Checking module response_pipeline...
Found and reported 0 problems.
